# Copyright 2024 Google LLC
#
# Licensed under the Apache License, Version 2.0 (the "License");
# you may not use this file except in compliance with the License.
# You may obtain a copy of the License at
#
#      http://www.apache.org/licenses/LICENSE-2.0
#
# Unless required by applicable law or agreed to in writing, software
# distributed under the License is distributed on an "AS IS" BASIS,
# WITHOUT WARRANTIES OR CONDITIONS OF ANY KIND, either express or implied.
# See the License for the specific language governing permissions and
# limitations under the License.

apiVersion: cloudfunctions.cnrm.cloud.google.com/v1beta1
kind: CloudFunctionsFunction
metadata:
  annotations:
    cnrm.cloud.google.com/management-conflict-prevention-policy: none
    cnrm.cloud.google.com/state-into-spec: merge
  finalizers:
  - cnrm.cloud.google.com/finalizer
  - cnrm.cloud.google.com/deletion-defender
  generation: 3
  labels:
    cnrm-test: "true"
  name: cloudfunctionsfunction-${uniqueId}
  namespace: ${uniqueId}
spec:
  entryPoint: helloGET
  httpsTrigger:
    securityLevel: SECURE_OPTIONAL
  ingressSettings: INGRESS_SETTINGS_UNSPECIFIED
  projectRef:
    external: projects/${projectId}
  region: us-west2
  resourceID: cloudfunctionsfunction-${uniqueId}
  runtime: nodejs10
  sourceArchiveUrl: gs://config-connector-samples/cloudfunctionsfunction/http_trigger.zip
  timeout: 120s
  vpcConnectorEgressSettings: VPC_CONNECTOR_EGRESS_SETTINGS_UNSPECIFIED
status:
  conditions:
  - lastTransitionTime: "1970-01-01T00:00:00Z"
    message: The resource is up to date
    reason: UpToDate
    status: "True"
    type: Ready
  httpsTrigger:
    url: ""
  observedGeneration: 3
  status: CLOUD_FUNCTION_STATUS_UNSPECIFIED
