# Copyright 2024 Google LLC
#
# Licensed under the Apache License, Version 2.0 (the "License");
# you may not use this file except in compliance with the License.
# You may obtain a copy of the License at
#
#      http://www.apache.org/licenses/LICENSE-2.0
#
# Unless required by applicable law or agreed to in writing, software
# distributed under the License is distributed on an "AS IS" BASIS,
# WITHOUT WARRANTIES OR CONDITIONS OF ANY KIND, either express or implied.
# See the License for the specific language governing permissions and
# limitations under the License.

apiVersion: bigquery.cnrm.cloud.google.com/v1beta1
kind: BigQueryDataset
metadata:
  annotations:
    cnrm.cloud.google.com/management-conflict-prevention-policy: none
    cnrm.cloud.google.com/reconcile-interval-in-seconds: "10"
    cnrm.cloud.google.com/state-into-spec: merge
  finalizers:
  - cnrm.cloud.google.com/finalizer
  - cnrm.cloud.google.com/deletion-defender
  generation: 3
  labels:
    cnrm-test: "true"
  name: bigquerydatasetsample${uniqueId}
  namespace: ${uniqueId}
spec:
  access:
  - role: OWNER
    specialGroup: projectOwners
  - role: OWNER
    userByEmail: user@google.com
  - role: READER
    specialGroup: projectReaders
  - role: WRITER
    specialGroup: projectWriters
  friendlyName: bigquerydataset-sample-updated
  location: US
  projectRef:
    external: ${projectId}
  resourceID: bigquerydatasetsample${uniqueId}
status:
  conditions:
  - lastTransitionTime: "1970-01-01T00:00:00Z"
    message: The resource is up to date
    reason: UpToDate
    status: "True"
    type: Ready
  creationTime: "1970-01-01T00:00:00Z"
  etag: abcdef123456
  lastModifiedTime: "1970-01-01T00:00:00Z"
  observedGeneration: 3
  selfLink: https://bigquery.googleapis.com/bigquery/v2/projects/${projectId}/datasets/bigquerydatasetsample${uniqueId}
