apiVersion: bigquery.cnrm.cloud.google.com/v1beta1
kind: BigQueryDataset
metadata:
  annotations:
    cnrm.cloud.google.com/management-conflict-prevention-policy: none
    cnrm.cloud.google.com/project-id: ${projectId}
    cnrm.cloud.google.com/state-into-spec: merge
  finalizers:
  - cnrm.cloud.google.com/finalizer
  - cnrm.cloud.google.com/deletion-defender
  generation: 3
  labels:
    cnrm-test: "true"
  name: bigquerydatasetsample${uniqueId}
  namespace: ${uniqueId}
spec:
  access:
  - role: OWNER
    specialGroup: projectOwners
  - role: OWNER
    userByEmail: user@google.com
  - role: READER
    specialGroup: projectReaders
  - role: WRITER
    specialGroup: projectWriters
  friendlyName: bigquerydataset-sample-updated
  location: US
  projectRef:
    external: ${projectId}
  resourceID: bigquerydatasetsample${uniqueId}
status:
  conditions:
  - lastTransitionTime: "1970-01-01T00:00:00Z"
    message: The resource is up to date
    reason: UpToDate
    status: "True"
    type: Ready
  creationTime: "1970-01-01T00:00:00Z"
  etag: abcdef123456
  lastModifiedTime: "1970-01-01T00:00:00Z"
  observedGeneration: 3
  selfLink: https://bigquery.googleapis.com/bigquery/v2/projects/${projectId}/datasets/bigquerydatasetsample${uniqueId}
