# Copyright 2024 Google LLC
#
# Licensed under the Apache License, Version 2.0 (the "License");
# you may not use this file except in compliance with the License.
# You may obtain a copy of the License at
#
#      http://www.apache.org/licenses/LICENSE-2.0
#
# Unless required by applicable law or agreed to in writing, software
# distributed under the License is distributed on an "AS IS" BASIS,
# WITHOUT WARRANTIES OR CONDITIONS OF ANY KIND, either express or implied.
# See the License for the specific language governing permissions and
# limitations under the License.

apiVersion: secretmanager.cnrm.cloud.google.com/v1beta1
kind: SecretManagerSecretVersion
metadata:
  annotations:
    cnrm.cloud.google.com/management-conflict-prevention-policy: none
    cnrm.cloud.google.com/observed-secret-versions: (removed)
    cnrm.cloud.google.com/project-id: ${projectId}
    cnrm.cloud.google.com/state-into-spec: merge
  finalizers:
  - cnrm.cloud.google.com/finalizer
  - cnrm.cloud.google.com/deletion-defender
  generation: 3
  labels:
    cnrm-test: "true"
  name: secretmanagersecretversion-${uniqueId}
  namespace: ${uniqueId}
spec:
  deletionPolicy: DELETE
  enabled: false
  resourceID: "1"
  secretData:
    valueFrom:
      secretKeyRef:
        key: secretData
        name: secretmanagersecretversion-dep-${uniqueId}
  secretRef:
    name: secretmanagersecretversion-dep-${uniqueId}
status:
  conditions:
  - lastTransitionTime: "1970-01-01T00:00:00Z"
    message: The resource is up to date
    reason: UpToDate
    status: "True"
    type: Ready
  createTime: "1970-01-01T00:00:00Z"
  name: projects/${projectNumber}/secrets/secretmanagersecretversion-dep-${uniqueId}/versions/1
  observedGeneration: 3
  version: "1"
