# Copyright 2024 Google LLC
#
# Licensed under the Apache License, Version 2.0 (the "License");
# you may not use this file except in compliance with the License.
# You may obtain a copy of the License at
#
#      http://www.apache.org/licenses/LICENSE-2.0
#
# Unless required by applicable law or agreed to in writing, software
# distributed under the License is distributed on an "AS IS" BASIS,
# WITHOUT WARRANTIES OR CONDITIONS OF ANY KIND, either express or implied.
# See the License for the specific language governing permissions and
# limitations under the License.

apiVersion: containerattached.cnrm.cloud.google.com/v1beta1
kind: ContainerAttachedCluster
metadata:
  annotations:
    cnrm.cloud.google.com/management-conflict-prevention-policy: none
    cnrm.cloud.google.com/mutable-but-unreadable-fields: '{"spec":{"deletionPolicy":"DELETE_IGNORE_ERRORS"}}'
    cnrm.cloud.google.com/state-into-spec: merge
  finalizers:
  - cnrm.cloud.google.com/finalizer
  - cnrm.cloud.google.com/deletion-defender
  generation: 2
  labels:
    cnrm-test: "true"
  name: containerattachedcluster-${uniqueId}
  namespace: ${uniqueId}
spec:
  deletionPolicy: DELETE_IGNORE_ERRORS
  description: Test attached cluster update
  distribution: eks
  fleet:
    projectRef:
      name: project-${uniqueId}
  location: us-west1
  oidcConfig:
    issuerUrl: https://oidc.eks.us-west-2.amazonaws.com/id/A115FE1C770C2452C75219524036FC0F
  platformVersion: 1.27.0-gke.2
  projectRef:
    external: ${projectId}
  resourceID: kcc-attached-cluster-127
status:
  conditions:
  - lastTransitionTime: "1970-01-01T00:00:00Z"
    message: The resource is up to date
    reason: UpToDate
    status: "True"
    type: Ready
  observedGeneration: 2
  state: STATE_UNSPECIFIED
