apiVersion: pubsub.cnrm.cloud.google.com/v1beta1
kind: PubSubSubscription
metadata:
  annotations:
    cnrm.cloud.google.com/management-conflict-prevention-policy: none
    cnrm.cloud.google.com/project-id: ${projectId}
    cnrm.cloud.google.com/state-into-spec: merge
  finalizers:
  - cnrm.cloud.google.com/finalizer
  - cnrm.cloud.google.com/deletion-defender
  generation: 3
  labels:
    cnrm-test: "true"
  name: pubsubsubscription-${uniqueId}
  namespace: ${uniqueId}
spec:
  ackDeadlineSeconds: 20
  expirationPolicy:
    ttl: 2678400s
  messageRetentionDuration: 604800s
  resourceID: pubsubsubscription-${uniqueId}
  topicRef:
    external: pubsubtopic-${uniqueId}
status:
  conditions:
  - lastTransitionTime: "1970-01-01T00:00:00Z"
    message: The resource is up to date
    reason: UpToDate
    status: "True"
    type: Ready
  observedGeneration: 3
