# Copyright 2024 Google LLC
#
# Licensed under the Apache License, Version 2.0 (the "License");
# you may not use this file except in compliance with the License.
# You may obtain a copy of the License at
#
#      http://www.apache.org/licenses/LICENSE-2.0
#
# Unless required by applicable law or agreed to in writing, software
# distributed under the License is distributed on an "AS IS" BASIS,
# WITHOUT WARRANTIES OR CONDITIONS OF ANY KIND, either express or implied.
# See the License for the specific language governing permissions and
# limitations under the License.

apiVersion: compute.cnrm.cloud.google.com/v1beta1
kind: ComputeDisk
metadata:
  annotations:
    cnrm.cloud.google.com/management-conflict-prevention-policy: none
    cnrm.cloud.google.com/observed-secret-versions: (removed)
    cnrm.cloud.google.com/state-into-spec: merge
  finalizers:
  - cnrm.cloud.google.com/finalizer
  - cnrm.cloud.google.com/deletion-defender
  generation: 2
  labels:
    cnrm-test: "true"
    label-one: value-one
  name: computedisk-${uniqueId}
  namespace: ${uniqueId}
spec:
  description: a sample regional disk
  location: us-central1
  physicalBlockSizeBytes: 4096
  projectRef:
    external: ${projectId}
  replicaZones:
  - projects/${projectId}/global/zones/us-central1-a
  - projects/${projectId}/global/zones/us-central1-f
  resourceID: computedisk-${uniqueId}
  type: pd-standard
status:
  conditions:
  - lastTransitionTime: "1970-01-01T00:00:00Z"
    message: The resource is up to date
    reason: UpToDate
    status: "True"
    type: Ready
  creationTimestamp: "1970-01-01T00:00:00Z"
  observedGeneration: 2
  selfLink: https://www.googleapis.com/compute/v1/projects/${projectId}/regions/us-central1/disks/computedisk-${uniqueId}
