apiVersion: bigqueryconnection.cnrm.cloud.google.com/v1alpha1
kind: BigQueryConnectionConnection
metadata:
  annotations:
    cnrm.cloud.google.com/management-conflict-prevention-policy: none
    cnrm.cloud.google.com/observed-secret-versions: (removed)
    cnrm.cloud.google.com/state-into-spec: absent
  finalizers:
  - cnrm.cloud.google.com/finalizer
  - cnrm.cloud.google.com/deletion-defender
  generation: 2
  labels:
    cnrm-test: "true"
  name: bigqueryconnectionconnection-${uniqueId}
  namespace: ${uniqueId}
spec:
  cloudResource:
    serviceAccountId: ""
  location: us-central1
  projectRef:
    external: ${projectId}
  resourceID: bigqueryconnectionconnection-${uniqueId}
status:
  conditions:
  - lastTransitionTime: "1970-01-01T00:00:00Z"
    message: The resource is up to date
    reason: UpToDate
    status: "True"
    type: Ready
  name: projects/${projectNumber}/locations/us-central1/connections/bigqueryconnectionconnection-${uniqueId}
  observedGeneration: 2
  observedState:
    cloudResource:
      serviceAccountId: bqcx-${projectNumber}-abcd@gcp-sa-bigquery-condel.iam.gserviceaccount.com
