apiVersion: container.cnrm.cloud.google.com/v1beta1
kind: ContainerCluster
metadata:
  annotations:
    cnrm.cloud.google.com/management-conflict-prevention-policy: none
    cnrm.cloud.google.com/mutable-but-unreadable-fields: '{}'
    cnrm.cloud.google.com/observed-secret-versions: (removed)
    cnrm.cloud.google.com/project-id: ${projectId}
    cnrm.cloud.google.com/state-into-spec: merge
  finalizers:
  - cnrm.cloud.google.com/finalizer
  - cnrm.cloud.google.com/deletion-defender
  generation: 3
  labels:
    cnrm-test: "true"
    label-one: value-two
  name: cluster-sample-${uniqueId}
  namespace: ${uniqueId}
spec:
  addonsConfig:
    gcePersistentDiskCsiDriverConfig:
      enabled: true
    networkPolicyConfig:
      disabled: true
  clusterAutoscaling:
    autoProvisioningDefaults:
      bootDiskKMSKeyRef:
        name: kmscryptokey-${uniqueId}
      diskSize: 100
      imageType: COS_CONTAINERD
      minCpuPlatform: automatic
      serviceAccountRef:
        external: default
    autoscalingProfile: BALANCED
    enabled: true
    resourceLimits:
    - maximum: 100
      minimum: 10
      resourceType: cpu
    - maximum: 1000
      minimum: 100
      resourceType: memory
  clusterTelemetry:
    type: ENABLED
  databaseEncryption:
    state: DECRYPTED
  enableShieldedNodes: true
  initialNodeCount: 1
  ipAllocationPolicy:
    clusterIpv4CidrBlock: /20
    servicesIpv4CidrBlock: /20
    stackType: IPV4
  location: us-central1-a
  loggingConfig:
    enableComponents:
    - SYSTEM_COMPONENTS
    - WORKLOADS
  loggingService: none
  monitoringConfig:
    advancedDatapathObservabilityConfig:
    - enableMetrics: false
    enableComponents:
    - SYSTEM_COMPONENTS
    - APISERVER
    managedPrometheus:
      enabled: true
  monitoringService: none
  networkPolicy:
    enabled: false
  networkRef:
    name: computenetwork-${uniqueId}
  networkingMode: VPC_NATIVE
  nodeConfig:
    linuxNodeConfig:
      cgroupMode: CGROUP_MODE_UNSPECIFIED
      sysctls:
        net.core.somaxconn: "4096"
    loggingVariant: DEFAULT
  nodeLocations:
  - us-central1-a
  nodeVersion: ""
  notificationConfig:
    pubsub:
      enabled: true
      topicRef:
        name: pubsubtopic-${uniqueId}
  podSecurityPolicyConfig:
    enabled: false
  releaseChannel:
    channel: REGULAR
  resourceID: cluster-sample-${uniqueId}
  securityPostureConfig:
    mode: BASIC
    vulnerabilityMode: VULNERABILITY_MODE_UNSPECIFIED
  subnetworkRef:
    name: computesubnetwork-${uniqueId}
status:
  conditions:
  - lastTransitionTime: "1970-01-01T00:00:00Z"
    message: The resource is up to date
    reason: UpToDate
    status: "True"
    type: Ready
  observedGeneration: 3
  selfLink: https://container.googleapis.com/v1beta1/projects/${projectId}/locations/us-central1-a/clusters/cluster-sample-${uniqueId}
