# Copyright 2024 Google LLC
#
# Licensed under the Apache License, Version 2.0 (the "License");
# you may not use this file except in compliance with the License.
# You may obtain a copy of the License at
#
#      http://www.apache.org/licenses/LICENSE-2.0
#
# Unless required by applicable law or agreed to in writing, software
# distributed under the License is distributed on an "AS IS" BASIS,
# WITHOUT WARRANTIES OR CONDITIONS OF ANY KIND, either express or implied.
# See the License for the specific language governing permissions and
# limitations under the License.

apiVersion: compute.cnrm.cloud.google.com/v1beta1
kind: ComputeURLMap
metadata:
  annotations:
    cnrm.cloud.google.com/management-conflict-prevention-policy: none
    cnrm.cloud.google.com/project-id: ${projectId}
    cnrm.cloud.google.com/state-into-spec: merge
  finalizers:
  - cnrm.cloud.google.com/finalizer
  - cnrm.cloud.google.com/deletion-defender
  generation: 4
  labels:
    cnrm-test: "true"
  name: computeurlmap-${uniqueId}
  namespace: ${uniqueId}
spec:
  defaultService:
    backendServiceRef:
      name: computebackendservice-${uniqueId}
  description: updated regional URLMap
  hostRule:
  - hosts:
    - mysite.com
    pathMatcher: allpaths
  location: us-central1
  pathMatcher:
  - defaultService:
      backendServiceRef:
        name: computebackendservice-${uniqueId}
    name: allpaths
    pathRule:
    - paths:
      - /home
      routeAction:
        corsPolicy:
          allowCredentials: true
          allowHeaders:
          - Allowed content
          allowMethods:
          - GET
          allowOrigins:
          - Allowed origin
          disabled: false
          exposeHeaders:
          - Exposed header
          maxAge: 30
        faultInjectionPolicy:
          abort:
            httpStatus: 234
            percentage: 5.6
          delay:
            fixedDelay:
              nanos: 50000
              seconds: "0"
            percentage: 7.8
        requestMirrorPolicy:
          backendServiceRef:
            name: computebackendservice-${uniqueId}
        retryPolicy:
          numRetries: 4
          perTryTimeout:
            seconds: "30"
          retryConditions:
          - 5xx
          - deadline-exceeded
        timeout:
          nanos: 750000000
          seconds: "20"
        urlRewrite:
          hostRewrite: A replacement header
          pathPrefixRewrite: A replacement path
        weightedBackendServices:
        - backendServiceRef:
            name: computebackendservice-${uniqueId}
          headerAction:
            requestHeadersToAdd:
            - headerName: AddMe
              headerValue: MyValue
              replace: true
            requestHeadersToRemove:
            - RemoveMe
            responseHeadersToAdd:
            - headerName: AddMe
              headerValue: MyValue
              replace: false
            responseHeadersToRemove:
            - RemoveMe
          weight: 400
  - defaultService:
      backendServiceRef:
        external: projects/${projectId}/regions/us-central1/backendServices/computebackendservice-${uniqueId}
    name: allpaths
    pathRule:
    - paths:
      - /home
      routeAction:
        corsPolicy:
          allowCredentials: true
          allowHeaders:
          - Allowed content
          allowMethods:
          - GET
          allowOrigins:
          - Allowed origin
          disabled: false
          exposeHeaders:
          - Exposed header
          maxAge: 30
        faultInjectionPolicy:
          abort:
            httpStatus: 234
            percentage: 5.6
          delay:
            fixedDelay:
              nanos: 50000
              seconds: "0"
            percentage: 7.8
        requestMirrorPolicy:
          backendServiceRef:
            external: projects/${projectId}/regions/us-central1/backendServices/computebackendservice-${uniqueId}
        retryPolicy:
          numRetries: 4
          perTryTimeout:
            seconds: "30"
          retryConditions:
          - 5xx
          - deadline-exceeded
        timeout:
          nanos: 750000000
          seconds: "20"
        urlRewrite:
          hostRewrite: A replacement header
          pathPrefixRewrite: A replacement path
        weightedBackendServices:
        - backendServiceRef:
            external: projects/${projectId}/regions/us-central1/backendServices/computebackendservice-${uniqueId}
          headerAction:
            requestHeadersToAdd:
            - headerName: AddMe
              headerValue: MyValue
              replace: true
            requestHeadersToRemove:
            - RemoveMe
            responseHeadersToAdd:
            - headerName: AddMe
              headerValue: MyValue
              replace: false
            responseHeadersToRemove:
            - RemoveMe
          weight: 400
  resourceID: computeurlmap-${uniqueId}
  test:
  - host: hi.com
    path: /home
    service:
      backendServiceRef:
        name: computebackendservice-${uniqueId}
  - host: hi.com
    path: /home
    service:
      backendServiceRef:
        external: projects/${projectId}/regions/us-central1/backendServices/computebackendservice-${uniqueId}
status:
  conditions:
  - lastTransitionTime: "1970-01-01T00:00:00Z"
    message: The resource is up to date
    reason: UpToDate
    status: "True"
    type: Ready
  creationTimestamp: "1970-01-01T00:00:00Z"
  mapId: 1111111111111111
  observedGeneration: 4
  selfLink: https://www.googleapis.com/compute/v1/projects/${projectId}/regions/us-central1/urlMaps/computeurlmap-${uniqueId}
