apiVersion: bigquery.cnrm.cloud.google.com/v1beta1
kind: BigQueryTable
metadata:
  annotations:
    cnrm.cloud.google.com/management-conflict-prevention-policy: none
    cnrm.cloud.google.com/project-id: ${projectId}
    cnrm.cloud.google.com/state-into-spec: merge
  finalizers:
  - cnrm.cloud.google.com/finalizer
  - cnrm.cloud.google.com/deletion-defender
  generation: 3
  labels:
    cnrm-test: "true"
  name: bigquerytablesample${uniqueId}
  namespace: ${uniqueId}
spec:
  datasetRef:
    name: bigquerydatasetsample${uniqueId}
  externalDataConfiguration:
    autodetect: true
    compression: NONE
    sourceFormat: CSV
    sourceUris:
    - gs://gcp-public-data-landsat/LC08/01/044/034/LC08_L1GT_044034_20130330_20170310_01_T2/LC08_L1GT_044034_20130330_20170310_01_T2_ANG.txt
  friendlyName: bigquerytable-sample-updated
  requirePartitionFilter: false
  resourceID: bigquerytablesample${uniqueId}
  schema: '[{"mode":"NULLABLE","name":"string_field_0","type":"STRING"},{"mode":"NULLABLE","name":"string_field_1","type":"STRING"},{"mode":"NULLABLE","name":"string_field_2","type":"STRING"},{"mode":"NULLABLE","name":"string_field_3","type":"STRING"},{"mode":"NULLABLE","name":"string_field_4","type":"STRING"},{"mode":"NULLABLE","name":"string_field_5","type":"STRING"},{"mode":"NULLABLE","name":"int64_field_6","type":"INTEGER"},{"mode":"NULLABLE","name":"int64_field_7","type":"INTEGER"},{"mode":"NULLABLE","name":"int64_field_8","type":"INTEGER"},{"mode":"NULLABLE","name":"int64_field_9","type":"INTEGER"},{"mode":"NULLABLE","name":"string_field_10","type":"STRING"},{"mode":"NULLABLE","name":"int64_field_11","type":"INTEGER"},{"mode":"NULLABLE","name":"int64_field_12","type":"INTEGER"},{"mode":"NULLABLE","name":"string_field_13","type":"STRING"}]'
status:
  conditions:
  - lastTransitionTime: "1970-01-01T00:00:00Z"
    message: The resource is up to date
    reason: UpToDate
    status: "True"
    type: Ready
  creationTime: "1970-01-01T00:00:00Z"
  etag: abcdef123456
  lastModifiedTime: "1970-01-01T00:00:00Z"
  location: US
  observedGeneration: 3
  selfLink: https://bigquery.googleapis.com/bigquery/v2/projects/${projectId}/datasets/bigquerydatasetsample${uniqueId}/tables/bigquerytablesample${uniqueId}
  type: EXTERNAL
