apiVersion: alloydb.cnrm.cloud.google.com/v1beta1
kind: AlloyDBCluster
metadata:
  annotations:
    cnrm.cloud.google.com/management-conflict-prevention-policy: none
    cnrm.cloud.google.com/mutable-but-unreadable-fields: '{"spec":{"deletionPolicy":"DEFAULT","initialUser":{"password":{"value":"postgres"},"user":"postgres"}}}'
    cnrm.cloud.google.com/observed-secret-versions: (removed)
    cnrm.cloud.google.com/state-into-spec: merge
  finalizers:
  - cnrm.cloud.google.com/finalizer
  - cnrm.cloud.google.com/deletion-defender
  generation: 3
  labels:
    cnrm-test: "true"
  name: alloydbcluster-${uniqueId}
  namespace: ${uniqueId}
spec:
  automatedBackupPolicy:
    labels:
      source: kcc-test
  clusterType: PRIMARY
  deletionPolicy: DEFAULT
  initialUser:
    password:
      value: postgres
    user: postgres
  location: southamerica-east1
  networkConfig:
    networkRef:
      name: default
  projectRef:
    external: ${projectId}
  resourceID: alloydbcluster${uniqueId}
status:
  conditions:
  - lastTransitionTime: "1970-01-01T00:00:00Z"
    message: The resource is up to date
    reason: UpToDate
    status: "True"
    type: Ready
  databaseVersion: DATABASE_VERSION_UNSPECIFIED
  name: projects/${projectId}/locations/southamerica-east1/clusters/alloydbcluster${uniqueId}
  observedGeneration: 3
  observedState:
    clusterType: PRIMARY
